python : C:\Users\renan\AppData\Local\Programs\Python\Python311\Lib\site-packages\py
test_asyncio\plugin.py:208: PytestDeprecationWarning: The configuration option 
"asyncio_default_fixture_loop_scope" is unset.
No linha:1 caractere:1
+ python -m pytest backend/tests/test_risk_manager_persistence.py > tes ...
+ ~~~~~~~~~~~~~~~~~~~~~~~~~~~~~~~~~~~~~~~~~~~~~~~~~~~~~~~~~~~~~~~~~~~~~
    + CategoryInfo          : NotSpecified: (C:\Users\renan\...cope" is unset.:Stri 
   ng) [], RemoteException
    + FullyQualifiedErrorId : NativeCommandError
 
The event loop scope for asynchronous fixtures will default to the fixture caching 
scope. Future versions of pytest-asyncio will default the loop scope for 
asynchronous fixtures to function scope. Set the default fixture loop scope 
explicitly in order to avoid unexpected behavior in the future. Valid fixture loop 
scopes are: "function", "class", "module", "package", "session"

  warnings.warn(PytestDeprecationWarning(_DEFAULT_FIXTURE_LOOP_SCOPE_UNSET))
============================= test session starts =============================
platform win32 -- Python 3.11.9, pytest-8.3.3, pluggy-1.6.0
rootdir: C:\Projetos\Vector Protocol
configfile: pytest.ini
plugins: anyio-4.12.0, asyncio-0.24.0
asyncio: mode=Mode.STRICT, default_loop_scope=None
collected 4 items

backend\tests\test_risk_manager_persistence.py ....                      [100%]

============================== warnings summary ===============================
..\..\Users\renan\AppData\Local\Programs\Python\Python311\Lib\site-packages\pydantic\_internal\_config.py:295
  C:\Users\renan\AppData\Local\Programs\Python\Python311\Lib\site-packages\pydantic\_internal\_config.py:295: PydanticDeprecatedSince20: Support for class-based `config` is deprecated, use ConfigDict instead. Deprecated in Pydantic V2.0 to be removed in V3.0. See Pydantic V2 Migration Guide at https://errors.pydantic.dev/2.10/migration/
    warnings.warn(DEPRECATION_MESSAGE, DeprecationWarning)

-- Docs: https://docs.pytest.org/en/stable/how-to/capture-warnings.html
======================== 4 passed, 1 warning in 1.09s =========================
